// Jest Snapshot v1, https://goo.gl/fbAQLP

exports[`renders Carousel correctly 1`] = `
<DocumentFragment>
  <div
    class="Carousel"
  >
    <h1>
      Test Carousel
    </h1>
    <div
      class="Carousel-main"
    >
      <i
        class="bi bi-arrow-left-circle"
        data-testid="leftArrow"
        disabled=""
      />
      <div
        class="Card"
      >
        <h4
          class="Card-title"
          data-testid="Card-title"
        >
          Photo by Richard Pasquarella on Unsplash
        </h4>
        <img
          alt="Photo by Richard Pasquarella on Unsplash"
          class="Card-image"
          src="image1.jpg"
        />
        <small
          class="Card-small"
        >
          Image 1 of 3.
        </small>
      </div>
      <i
        class="bi bi-arrow-right-circle"
        data-testid="rightArrow"
      />
    </div>
  </div>
</DocumentFragment>
`;
